<def f='include/c++/10/bits/stl_map.h' l='100' ll='1413'/>
<use f='include/c++/10/bits/stl_map.h' l='132'/>
<use f='include/c++/10/bits/stl_map.h' l='642' c='_ZNSt3map5mergeERSt3mapIT_T0_TL0__T2_E'/>
<use f='include/c++/10/bits/stl_map.h' l='650' c='_ZNSt3map5mergeEOSt3mapIT_T0_TL0__T2_E'/>
<use f='include/c++/10/bits/stl_map.h' l='1399' c='_ZSteqRKSt3mapITL0__TL0_0_TL0_1_TL0_2_ES6_'/>
<use f='include/c++/10/bits/stl_map.h' l='1400' c='_ZSteqRKSt3mapITL0__TL0_0_TL0_1_TL0_2_ES6_'/>
<use f='include/c++/10/bits/stl_map.h' l='1410' c='_ZStltRKSt3mapITL0__TL0_0_TL0_1_TL0_2_ES6_'/>
<use f='include/c++/10/bits/stl_map.h' l='1411' c='_ZStltRKSt3mapITL0__TL0_0_TL0_1_TL0_2_ES6_'/>
<use f='include/c++/10/bits/stl_map.h' l='1426' c='std::{deductionguideformap}'/>
<use f='include/c++/10/bits/stl_map.h' l='1435' c='std::{deductionguideformap}'/>
<use f='include/c++/10/bits/stl_map.h' l='1441' c='std::{deductionguideformap}'/>
<use f='include/c++/10/bits/stl_map.h' l='1447' c='std::{deductionguideformap}'/>
<use f='include/c++/10/bits/stl_map.h' l='1463' c='_ZSteqRKSt3mapIT_T0_T1_T2_ES6_'/>
<use f='include/c++/10/bits/stl_map.h' l='1464' c='_ZSteqRKSt3mapIT_T0_T1_T2_ES6_'/>
<use f='include/c++/10/bits/stl_map.h' l='1501' c='_ZStltRKSt3mapIT_T0_T1_T2_ES6_'/>
<use f='include/c++/10/bits/stl_map.h' l='1502' c='_ZStltRKSt3mapIT_T0_T1_T2_ES6_'/>
<use f='include/c++/10/bits/stl_map.h' l='1508' c='_ZStneRKSt3mapIT_T0_T1_T2_ES6_'/>
<use f='include/c++/10/bits/stl_map.h' l='1509' c='_ZStneRKSt3mapIT_T0_T1_T2_ES6_'/>
<use f='include/c++/10/bits/stl_map.h' l='1515' c='_ZStgtRKSt3mapIT_T0_T1_T2_ES6_'/>
<use f='include/c++/10/bits/stl_map.h' l='1516' c='_ZStgtRKSt3mapIT_T0_T1_T2_ES6_'/>
<use f='include/c++/10/bits/stl_map.h' l='1522' c='_ZStleRKSt3mapIT_T0_T1_T2_ES6_'/>
<use f='include/c++/10/bits/stl_map.h' l='1523' c='_ZStleRKSt3mapIT_T0_T1_T2_ES6_'/>
<use f='include/c++/10/bits/stl_map.h' l='1529' c='_ZStgeRKSt3mapIT_T0_T1_T2_ES6_'/>
<use f='include/c++/10/bits/stl_map.h' l='1530' c='_ZStgeRKSt3mapIT_T0_T1_T2_ES6_'/>
<use f='include/c++/10/bits/stl_map.h' l='1537' c='_ZSt4swapRSt3mapIT_T0_T1_T2_ES5_'/>
<use f='include/c++/10/bits/stl_map.h' l='1538' c='_ZSt4swapRSt3mapIT_T0_T1_T2_ES5_'/>
<use f='include/c++/10/bits/stl_map.h' l='1549'/>
<use f='include/c++/10/bits/stl_map.h' l='1553'/>
<use f='include/c++/10/bits/stl_map.h' l='1556' c='_ZNSt21_Rb_tree_merge_helperISt3mapIT_T0_T1_T2_ET3_E11_S_get_treeERS0_IS1_S2_S6_S4_E'/>
<use f='include/c++/10/bits/stl_multimap.h' l='671' c='_ZNSt8multimap5mergeERSt3mapIT_T0_TL0__T2_E'/>
<use f='include/c++/10/bits/stl_multimap.h' l='679' c='_ZNSt8multimap5mergeEOSt3mapIT_T0_TL0__T2_E'/>
<use f='include/c++/10/bits/stl_multimap.h' l='1221' c='_ZNSt21_Rb_tree_merge_helperISt8multimapIT_T0_T1_T2_ET3_E11_S_get_treeERSt3mapIS1_S2_S6_S4_E'/>
<use f='include/c++/10/map' l='79'/>
<use f='tvm/3rdparty/dmlc-core/include/dmlc/serializer.h' l='357'/>
<use f='tvm/3rdparty/dmlc-core/include/dmlc/serializer.h' l='358'/>
<use f='tvm/3rdparty/dmlc-core/include/dmlc/json.h' l='369'/>
<use f='tvm/3rdparty/dmlc-core/include/dmlc/json.h' l='503'/>
<use f='tvm/3rdparty/dmlc-core/include/dmlc/json.h' l='503'/>
<use f='tvm/3rdparty/dmlc-core/include/dmlc/json.h' l='924' c='_ZN4dmlc20JSONObjectReadHelper13ReadAllFieldsEPNS_10JSONReaderE'/>
<use f='tvm/3rdparty/dmlc-core/include/dmlc/json.h' l='940' c='_ZN4dmlc20JSONObjectReadHelper13ReadAllFieldsEPNS_10JSONReaderE'/>
<use f='tvm/3rdparty/dmlc-core/include/dmlc/json.h' l='954' c='_ZN4dmlc20JSONObjectReadHelper13ReadAllFieldsEPNS_10JSONReaderE'/>
<use f='tvm/3rdparty/dmlc-core/include/dmlc/parameter.h' l='202' c='_ZNK4dmlc9Parameter8__DICT__B5cxx11Ev'/>
<use f='tvm/3rdparty/dmlc-core/include/dmlc/parameter.h' l='205' c='_ZNK4dmlc9Parameter8__DICT__B5cxx11Ev'/>
<use f='tvm/3rdparty/dmlc-core/include/dmlc/parameter.h' l='220' c='_ZN4dmlc9Parameter4LoadEPNS_10JSONReaderE'/>
<use f='tvm/3rdparty/dmlc-core/include/dmlc/parameter.h' l='407' c='_ZNK4dmlc9parameter12ParamManager4FindERKNSt7__cxx1112basic_stringIcSt11char_traitsIcESaIcEEE'/>
<use f='tvm/3rdparty/dmlc-core/include/dmlc/parameter.h' l='435' c='_ZNK4dmlc9parameter12ParamManager7RunInitEPvT_S3_PSt6vectorISt4pairINSt7__cxx1112basic_stringIcSt11char_traitsIcESaIcEEESB_ESaISC_EENS0_15ParamInitOptionE'/>
<use f='tvm/3rdparty/dmlc-core/include/dmlc/parameter.h' l='558' c='_ZNK4dmlc9parameter12ParamManager7GetDictB5cxx11EPv'/>
<use f='tvm/3rdparty/dmlc-core/include/dmlc/parameter.h' l='572' c='_ZNK4dmlc9parameter12ParamManager10UpdateDictEPvPT_'/>
<use f='tvm/3rdparty/dmlc-core/include/dmlc/parameter.h' l='584'/>
<use f='tvm/3rdparty/dmlc-core/include/dmlc/parameter.h' l='785' c='_ZNK4dmlc9parameter10FieldEntryIiE3SetEPvRKNSt7__cxx1112basic_stringIcSt11char_traitsIcESaIcEEE'/>
<use f='tvm/3rdparty/dmlc-core/include/dmlc/parameter.h' l='827' c='_ZN4dmlc9parameter10FieldEntryIiE8add_enumERKNSt7__cxx1112basic_stringIcSt11char_traitsIcESaIcEEEi'/>
<use f='tvm/3rdparty/dmlc-core/include/dmlc/parameter.h' l='843'/>
<use f='tvm/3rdparty/dmlc-core/include/dmlc/parameter.h' l='845'/>
<use f='tvm/3rdparty/dmlc-core/include/dmlc/parameter.h' l='867' c='_ZNK4dmlc9parameter10FieldEntryIiE10PrintEnumsERSo'/>
<use f='tvm/3rdparty/dmlc-core/include/dmlc/parameter.h' l='891' c='_ZNK4dmlc9parameter10FieldEntryINS_8optionalIiEEE3SetEPvRKNSt7__cxx1112basic_stringIcSt11char_traitsIcESaIcEEE'/>
<use f='tvm/3rdparty/dmlc-core/include/dmlc/parameter.h' l='934' c='_ZN4dmlc9parameter10FieldEntryINS_8optionalIiEEE8add_enumERKNSt7__cxx1112basic_stringIcSt11char_traitsIcESaIcEEEi'/>
<use f='tvm/3rdparty/dmlc-core/include/dmlc/parameter.h' l='950'/>
<use f='tvm/3rdparty/dmlc-core/include/dmlc/parameter.h' l='952'/>
<use f='tvm/3rdparty/dmlc-core/include/dmlc/parameter.h' l='978' c='_ZNK4dmlc9parameter10FieldEntryINS_8optionalIiEEE10PrintEnumsERSo'/>
<use f='tvm/3rdparty/dmlc-core/include/dmlc/registry.h' l='35' c='_ZN4dmlc8Registry12ListAllNamesB5cxx11Ev'/>
<use f='tvm/3rdparty/dmlc-core/include/dmlc/registry.h' l='36' c='_ZN4dmlc8Registry12ListAllNamesB5cxx11Ev'/>
<use f='tvm/3rdparty/dmlc-core/include/dmlc/registry.h' l='49' c='_ZN4dmlc8Registry4FindERKNSt7__cxx1112basic_stringIcSt11char_traitsIcESaIcEEE'/>
<use f='tvm/3rdparty/dmlc-core/include/dmlc/registry.h' l='50' c='_ZN4dmlc8Registry4FindERKNSt7__cxx1112basic_stringIcSt11char_traitsIcESaIcEEE'/>
<use f='tvm/3rdparty/dmlc-core/include/dmlc/registry.h' l='115'/>
<mbr r='std::map::_M_t' t='std::map::_Rep_type'/>
<fun r='_ZNSt3mapC1Ev'/>
<fun r='_ZNSt3mapC1ERKT1_RKT2_'/>
<fun r='_ZNSt3mapC1ERKSt3mapIT_T0_T1_T2_E'/>
<fun r='_ZNSt3mapC1EOSt3mapIT_T0_T1_T2_E'/>
<fun r='_ZNSt3mapC1ESt16initializer_listISt4pairIKT_T0_EERKT1_RKT2_'/>
<fun r='_ZNSt3mapC1ERKT2_'/>
<fun r='_ZNSt3mapC1ERKSt3mapIT_T0_T1_T2_ERKS4_'/>
<fun r='_ZNSt3mapC1EOSt3mapIT_T0_T1_T2_ERKS4_'/>
<fun r='_ZNSt3mapC1ESt16initializer_listISt4pairIKT_T0_EERKT2_'/>
<fun r='_ZNSt3mapC1ETL0__S0_RKT2_'/>
<fun r='_ZNSt3mapC1ETL0__S0_'/>
<fun r='_ZNSt3mapC1ETL0__S0_RKT1_RKT2_'/>
<fun r='_ZNSt3mapD1Ev'/>
<fun r='_ZNSt3mapaSERKSt3mapIT_T0_T1_T2_E'/>
<fun r='_ZNSt3mapaSEOSt3mapIT_T0_T1_T2_E'/>
<fun r='_ZNSt3mapaSESt16initializer_listISt4pairIKT_T0_EE'/>
<fun r='_ZNKSt3map13get_allocatorEv'/>
<fun r='_ZNSt3map5beginEv'/>
<fun r='_ZNKSt3map5beginEv'/>
<fun r='_ZNSt3map3endEv'/>
<fun r='_ZNKSt3map3endEv'/>
<fun r='_ZNSt3map6rbeginEv'/>
<fun r='_ZNKSt3map6rbeginEv'/>
<fun r='_ZNSt3map4rendEv'/>
<fun r='_ZNKSt3map4rendEv'/>
<fun r='_ZNKSt3map6cbeginEv'/>
<fun r='_ZNKSt3map4cendEv'/>
<fun r='_ZNKSt3map7crbeginEv'/>
<fun r='_ZNKSt3map5crendEv'/>
<fun r='_ZNKSt3map5emptyEv'/>
<fun r='_ZNKSt3map4sizeEv'/>
<fun r='_ZNKSt3map8max_sizeEv'/>
<fun r='_ZNSt3mapixERKT_'/>
<fun r='_ZNSt3mapixEOT_'/>
<fun r='_ZNSt3map2atERKT_'/>
<fun r='_ZNKSt3map2atERKT_'/>
<fun r='_ZNSt3map7emplaceEDpOTL0__'/>
<fun r='_ZNSt3map12emplace_hintENSt8_Rb_treeIT_St4pairIKS1_T0_ESt10_Select1stIS5_ET1_N9__gnu_cxx14__alloc_traitsIT2_NSB_10value_typeEE6rebindIS5_E5otherEE14co4045802'/>
<fun r='_ZNSt3map7extractENSt8_Rb_treeIT_St4pairIKS1_T0_ESt10_Select1stIS5_ET1_N9__gnu_cxx14__alloc_traitsIT2_NSB_10value_typeEE6rebindIS5_E5otherEE14const_iteratorE'/>
<fun r='_ZNSt3map7extractERKT_'/>
<fun r='_ZNSt3map6insertEONSt8_Rb_treeIT_St4pairIKS1_T0_ESt10_Select1stIS5_ET1_N9__gnu_cxx14__alloc_traitsIT2_NSB_10value_typeEE6rebindIS5_E5otherEE9node_typeE'/>
<fun r='_ZNSt3map6insertENSt8_Rb_treeIT_St4pairIKS1_T0_ESt10_Select1stIS5_ET1_N9__gnu_cxx14__alloc_traitsIT2_NSB_10value_typeEE6rebindIS5_E5otherEE14const_ite1794288'/>
<fun r='_ZNSt3map5mergeERSt3mapIT_T0_TL0__T2_E'/>
<fun r='_ZNSt3map5mergeEOSt3mapIT_T0_TL0__T2_E'/>
<fun r='_ZNSt3map5mergeERSt8multimapIT_T0_TL0__T2_E'/>
<fun r='_ZNSt3map5mergeEOSt8multimapIT_T0_TL0__T2_E'/>
<fun r='_ZNSt3map11try_emplaceERKT_DpOTL0__'/>
<fun r='_ZNSt3map11try_emplaceEOT_DpOTL0__'/>
<fun r='_ZNSt3map11try_emplaceENSt8_Rb_treeIT_St4pairIKS1_T0_ESt10_Select1stIS5_ET1_N9__gnu_cxx14__alloc_traitsIT2_NSB_10value_typeEE6rebindIS5_E5otherEE14con9785190'/>
<fun r='_ZNSt3map11try_emplaceENSt8_Rb_treeIT_St4pairIKS1_T0_ESt10_Select1stIS5_ET1_N9__gnu_cxx14__alloc_traitsIT2_NSB_10value_typeEE6rebindIS5_E5otherEE14con8886010'/>
<fun r='_ZNSt3map6insertERKSt4pairIKT_T0_E'/>
<fun r='_ZNSt3map6insertEOSt4pairIKT_T0_E'/>
<fun r='_ZNSt3map6insertEOTL0__'/>
<fun r='_ZNSt3map6insertESt16initializer_listISt4pairIKT_T0_EE'/>
<fun r='_ZNSt3map6insertENSt8_Rb_treeIT_St4pairIKS1_T0_ESt10_Select1stIS5_ET1_N9__gnu_cxx14__alloc_traitsIT2_NSB_10value_typeEE6rebindIS5_E5otherEE14const_iteratorERKS5_'/>
<fun r='_ZNSt3map6insertENSt8_Rb_treeIT_St4pairIKS1_T0_ESt10_Select1stIS5_ET1_N9__gnu_cxx14__alloc_traitsIT2_NSB_10value_typeEE6rebindIS5_E5otherEE14const_iteratorEOS5_'/>
<fun r='_ZNSt3map6insertENSt8_Rb_treeIT_St4pairIKS1_T0_ESt10_Select1stIS5_ET1_N9__gnu_cxx14__alloc_traitsIT2_NSB_10value_typeEE6rebindIS5_E5otherEE14const_iteratorEOTL0__'/>
<fun r='_ZNSt3map6insertETL0__S0_'/>
<fun r='_ZNSt3map16insert_or_assignERKT_OTL0__'/>
<fun r='_ZNSt3map16insert_or_assignEOT_OTL0__'/>
<fun r='_ZNSt3map16insert_or_assignENSt8_Rb_treeIT_St4pairIKS1_T0_ESt10_Select1stIS5_ET1_N9__gnu_cxx14__alloc_traitsIT2_NSB_10value_typeEE6rebindIS5_E5otherEE9890757'/>
<fun r='_ZNSt3map16insert_or_assignENSt8_Rb_treeIT_St4pairIKS1_T0_ESt10_Select1stIS5_ET1_N9__gnu_cxx14__alloc_traitsIT2_NSB_10value_typeEE6rebindIS5_E5otherEE3266545'/>
<fun r='_ZNSt3map5eraseENSt8_Rb_treeIT_St4pairIKS1_T0_ESt10_Select1stIS5_ET1_N9__gnu_cxx14__alloc_traitsIT2_NSB_10value_typeEE6rebindIS5_E5otherEE14const_iteratorE'/>
<fun r='_ZNSt3map5eraseB5cxx11ENSt8_Rb_treeIT_St4pairIKS1_T0_ESt10_Select1stIS5_ET1_N9__gnu_cxx14__alloc_traitsIT2_NSB_10value_typeEE6rebindIS5_E5otherEE8iteratorE'/>
<fun r='_ZNSt3map5eraseERKT_'/>
<fun r='_ZNSt3map5eraseENSt8_Rb_treeIT_St4pairIKS1_T0_ESt10_Select1stIS5_ET1_N9__gnu_cxx14__alloc_traitsIT2_NSB_10value_typeEE6rebindIS5_E5otherEE14const_iteratorESI_'/>
<fun r='_ZNSt3map4swapERSt3mapIT_T0_T1_T2_E'/>
<fun r='_ZNSt3map5clearEv'/>
<fun r='_ZNKSt3map8key_compEv'/>
<fun r='_ZNKSt3map10value_compEv'/>
<fun r='_ZNSt3map4findERKT_'/>
<fun r='_ZNSt3map4findERKTL0__'/>
<fun r='_ZNKSt3map4findERKT_'/>
<fun r='_ZNKSt3map4findERKTL0__'/>
<fun r='_ZNKSt3map5countERKT_'/>
<fun r='_ZNKSt3map5countERKTL0__'/>
<fun r='_ZNSt3map11lower_boundERKT_'/>
<fun r='_ZNSt3map11lower_boundERKTL0__'/>
<fun r='_ZNKSt3map11lower_boundERKT_'/>
<fun r='_ZNKSt3map11lower_boundERKTL0__'/>
<fun r='_ZNSt3map11upper_boundERKT_'/>
<fun r='_ZNSt3map11upper_boundERKTL0__'/>
<fun r='_ZNKSt3map11upper_boundERKT_'/>
<fun r='_ZNKSt3map11upper_boundERKTL0__'/>
<fun r='_ZNSt3map11equal_rangeERKT_'/>
<fun r='_ZNSt3map11equal_rangeERKTL0__'/>
<fun r='_ZNKSt3map11equal_rangeERKT_'/>
<fun r='_ZNKSt3map11equal_rangeERKTL0__'/>
<use f='tvm/src/autotvm/touch_extractor.h' l='133'/>
<use f='tvm/src/autotvm/touch_extractor.cc' l='392' c='_ZN3tvm7autotvm28GetCurveSampleFeatureFlattenENS_3tir4StmtEiPSt6vectorIfSaIfEE'/>
<use f='tvm/src/autotvm/touch_extractor.cc' l='393' c='_ZN3tvm7autotvm28GetCurveSampleFeatureFlattenENS_3tir4StmtEiPSt6vectorIfSaIfEE'/>
<use f='tvm/src/autotvm/touch_extractor.cc' l='394' c='_ZN3tvm7autotvm28GetCurveSampleFeatureFlattenENS_3tir4StmtEiPSt6vectorIfSaIfEE'/>
<use f='tvm/src/autotvm/touch_extractor.cc' l='395' c='_ZN3tvm7autotvm28GetCurveSampleFeatureFlattenENS_3tir4StmtEiPSt6vectorIfSaIfEE'/>
<use f='tvm/src/contrib/ethosu/cascader/stripe_config.h' l='204' c='_ZN3tvm7contrib6ethosu8cascader12CountStripesERKNS2_12StripeConfigEb'/>
<use f='tvm/src/contrib/ethosu/cascader/parts/ethosu.cc' l='58' c='_ZN3tvm7contrib6ethosu8cascader14EthosuPartNode12GetBytesReadERKSt6vectorIiSaIiEES8_'/>
<use f='tvm/src/contrib/ethosu/cascader/plan_generator.cc' l='321' c='_ZN3tvm7contrib6ethosu8cascader17GetCopyCyclesHintERKNS2_12TensorConfigE'/>
<use f='tvm/src/contrib/ethosu/cascader/stripe_config.cc' l='39' c='_ZN3tvm7contrib6ethosu8cascader20MultiplyCombinationsESt6vectorISt3mapIT_iSt4lessIS5_ESaISt4pairIKS5_iEEESaISC_EE'/>
<use f='tvm/src/contrib/ethosu/cascader/stripe_config.cc' l='39' c='_ZN3tvm7contrib6ethosu8cascader20MultiplyCombinationsESt6vectorISt3mapIT_iSt4lessIS5_ESaISt4pairIKS5_iEEESaISC_EE'/>
<use f='tvm/src/contrib/ethosu/cascader/stripe_config.cc' l='41' c='_ZN3tvm7contrib6ethosu8cascader20MultiplyCombinationsESt6vectorISt3mapIT_iSt4lessIS5_ESaISt4pairIKS5_iEEESaISC_EE'/>
<use f='tvm/src/contrib/ethosu/cascader/stripe_config.cc' l='48' c='_ZN3tvm7contrib6ethosu8cascader20MultiplyCombinationsESt6vectorISt3mapIT_iSt4lessIS5_ESaISt4pairIKS5_iEEESaISC_EE'/>
<use f='tvm/src/contrib/ethosu/cascader/stripe_config.cc' l='49' c='_ZN3tvm7contrib6ethosu8cascader20MultiplyCombinationsESt6vectorISt3mapIT_iSt4lessIS5_ESaISt4pairIKS5_iEEESaISC_EE'/>
<use f='tvm/src/contrib/ethosu/cascader/stripe_config.cc' l='60' c='_ZN3tvm7contrib6ethosu8cascader12CountStripesERKNS2_12StripeConfigEb'/>
<use f='tvm/src/contrib/ethosu/cascader/stripe_config.cc' l='62' c='_ZN3tvm7contrib6ethosu8cascader12CountStripesERKNS2_12StripeConfigEb'/>
<use f='tvm/src/contrib/hybrid/codegen_hybrid.h' l='154'/>
<use f='tvm/src/contrib/hybrid/codegen_hybrid.h' l='156'/>
<use f='tvm/src/meta_schedule/mutator/mutate_parallel.cc' l='266' c='_ZN3tvm13meta_schedule18MutateParallelNode5ApplyERKNS_3tir5TraceEPl'/>
<use f='tvm/src/node/serialization.cc' l='164'/>
<use f='tvm/include/tvm/runtime/vm/executable.h' l='290'/>
<use f='tvm/src/relay/backend/vm/compiler.cc' l='292'/>
<use f='tvm/src/relay/backend/vm/compiler.cc' l='295'/>
<use f='tvm/src/relay/op/nn/pad.cc' l='59' c='_ZN3tvm5relay21PadInferCorrectLayoutERKNS_5AttrsERKNS_7runtime5ArrayINS_3tir6LayoutEvEESA_RKNS5_INS_4TypeEvEE'/>
<use f='tvm/src/relay/transforms/annotate_texture_storage.cc' l='247' c='_ZN3tvm5relay12_GLOBAL__N_111StorageInfo5ScopeB5cxx11ENS_7runtime5ArrayINS_8PrimExprEvEERKNS_13VirtualDeviceE'/>
<use f='tvm/src/relay/transforms/infer_layout_utils.cc' l='93' c='_ZN3tvm5relay10IsomorphicERKNS_3tir6LayoutES4_'/>
<use f='tvm/src/relay/transforms/infer_layout_utils.cc' l='93' c='_ZN3tvm5relay10IsomorphicERKNS_3tir6LayoutES4_'/>
<use f='tvm/src/runtime/vm/executable.cc' l='500' c='_ZN3tvm7runtime2vm10Executable20SavePrimitiveOpNamesEPN4dmlc6StreamE'/>
<use f='tvm/src/runtime/vm/executable.cc' l='500' c='_ZN3tvm7runtime2vm10Executable20SavePrimitiveOpNamesEPN4dmlc6StreamE'/>
<use f='tvm/src/runtime/vm/executable.cc' l='503' c='_ZN3tvm7runtime2vm10Executable20SavePrimitiveOpNamesEPN4dmlc6StreamE'/>
<use f='tvm/src/runtime/vm/executable.cc' l='805' c='_ZN3tvm7runtime2vm10Executable20LoadPrimitiveOpNamesEPN4dmlc6StreamE'/>
<use f='tvm/src/runtime/vm/executable.cc' l='805' c='_ZN3tvm7runtime2vm10Executable20LoadPrimitiveOpNamesEPN4dmlc6StreamE'/>
<use f='tvm/src/script/printer/python_doc_printer.cc' l='79' c='_ZN3tvm6script7printer17GetExprPrecedenceERKNS1_7ExprDocE'/>
<use f='tvm/src/script/printer/python_doc_printer.cc' l='326' c='_ZN3tvm6script7printer16OperatorToStringB5cxx11ENS1_16OperationDocNode4KindE'/>
<use f='tvm/src/target/llvm/codegen_hexagon.cc' l='252' c='_ZN3tvm7codegen14CodeGenHexagon18CreateStructRefPtrENS_7runtime8DataTypeEPN4llvm5ValueES6_i'/>
<use f='tvm/src/target/llvm/codegen_hexagon.cc' l='257' c='_ZN3tvm7codegen14CodeGenHexagon18CreateStructRefPtrENS_7runtime8DataTypeEPN4llvm5ValueES6_i'/>
<use f='tvm/src/tir/transforms/inject_rolling_buffer.cc' l='58'/>
<use f='tvm/src/tir/transforms/inject_rolling_buffer.cc' l='59'/>
<use f='tvm/src/tir/transforms/inject_rolling_buffer.cc' l='60'/>
<use f='tvm/src/tir/transforms/inject_rolling_buffer.cc' l='63'/>
<use f='tvm/src/tir/transforms/inject_software_pipeline.cc' l='587' c='_ZN3tvm3tir17software_pipeline16PipelineRewriter18PopulateWaitCountsERKSt6vectorINS2_18RewrittenBlockInfoESaIS4_EEPNS_5arith8AnalyzerERKSt13unordered_10437664'/>
<use f='tvm/src/tir/transforms/inject_software_pipeline.cc' l='714' c='_ZNK3tvm3tir17software_pipeline16PipelineRewriter30CompletePipelineLoopStatementsERKSt6vectorINS2_18RewrittenBlockInfoESaIS4_EERKSt3mapIiNS2_15AsyncSt4088785'/>
<use f='tvm/src/tir/transforms/inject_software_pipeline.cc' l='821' c='_ZN3tvm3tir17software_pipeline16PipelineRewriter8EmitImplENS_8PrimExprES3_b'/>
<use f='tvm/src/tir/transforms/inject_software_pipeline.cc' l='955'/>
<use f='tvm/src/topi/einsum.cc' l='85' c='_ZN3tvm4topi14EinsumEquation10FromStringERKNSt7__cxx1112basic_stringIcSt11char_traitsIcESaIcEEE'/>
