<dec f='tvm/include/tvm/relay/expr.h' l='662' type='tvm::relay::Expr'/>
<use f='tvm/include/tvm/relay/expr.h' l='665' u='a' c='_ZN3tvm5relay11RefReadNode10VisitAttrsEPNS_11AttrVisitorE'/>
<use f='tvm/include/tvm/relay/expr.h' l='673' u='r' c='_ZNK3tvm5relay11RefReadNode12SEqualReduceEPKS1_NS_13SEqualReducerE'/>
<use f='tvm/include/tvm/relay/expr.h' l='673' u='r' c='_ZNK3tvm5relay11RefReadNode12SEqualReduceEPKS1_NS_13SEqualReducerE'/>
<use f='tvm/include/tvm/relay/expr.h' l='678' u='r' c='_ZNK3tvm5relay11RefReadNode11SHashReduceENS_12SHashReducerE'/>
<offset>320</offset>
<doc f='tvm/include/tvm/relay/expr.h' l='661'>/*! \brief The Reference Expression. */</doc>
<use f='tvm/src/printer/relay_text_printer.cc' l='536' u='r' c='_ZN3tvm5relay16RelayTextPrinter10VisitExpr_EPKNS0_11RefReadNodeE'/>
<use f='tvm/src/relay/analysis/annotated_region_set.cc' l='201' u='r' c='_ZN3tvm5relay18AnnotatedRegionSet7Creator10VisitExpr_EPKNS0_11RefReadNodeE'/>
<use f='tvm/src/relay/analysis/dependency_graph.cc' l='114' u='r' c='_ZN3tvm5relay15DependencyGraph7Creator10VisitExpr_EPKNS0_11RefReadNodeE'/>
<use f='tvm/src/relay/backend/interpreter.cc' l='855' u='r' c='_ZN3tvm5relay11Interpreter10VisitExpr_EPKNS0_11RefReadNodeE'/>
<use f='tvm/src/relay/ir/expr.cc' l='509' u='w' c='_ZN3tvm5relay7RefReadC1ENS_9RelayExprENS_4SpanE'/>
<use f='tvm/src/relay/ir/expr.cc' l='517' u='r' c='_ZN3tvm5relay10WithFieldsENS0_7RefReadENS_7runtime8OptionalINS_9RelayExprEEENS3_INS_13VirtualDeviceEEENS3_INS_4SpanEEE'/>
<use f='tvm/src/relay/ir/expr.cc' l='521' u='r' c='_ZN3tvm5relay10WithFieldsENS0_7RefReadENS_7runtime8OptionalINS_9RelayExprEEENS3_INS_13VirtualDeviceEEENS3_INS_4SpanEEE'/>
<use f='tvm/src/relay/ir/expr.cc' l='526' u='w' c='_ZN3tvm5relay10WithFieldsENS0_7RefReadENS_7runtime8OptionalINS_9RelayExprEEENS3_INS_13VirtualDeviceEEENS3_INS_4SpanEEE'/>
<use f='tvm/src/relay/ir/expr.cc' l='547' u='r'/>
<use f='tvm/src/relay/ir/expr_functor.cc' l='257' u='r' c='_ZN3tvm5relay11ExprMutator10VisitExpr_EPKNS0_11RefReadNodeE'/>
<use f='tvm/src/relay/ir/expr_functor.cc' l='368' u='r' c='_ZN3tvm5relay11ExprVisitor10VisitExpr_EPKNS0_11RefReadNodeE'/>
<use f='tvm/src/relay/ir/indexed_graph.cc' l='265' u='r' c='_ZZN3tvm5relay18CreateIndexedGraphERKNS_9RelayExprEEN9Annotator10VisitExpr_EPKNS0_11RefReadNodeE'/>
<use f='tvm/src/relay/transforms/annotate_target.cc' l='340' u='r' c='_ZN3tvm5relay15annotate_target22AnnotateTargetRewriter8Rewrite_EPKNS0_11RefReadNodeERKNS_9RelayExprE'/>
<use f='tvm/src/relay/transforms/annotate_target.cc' l='407' u='r' c='_ZN3tvm5relay15annotate_target21CallOpsTargetRewriter8Rewrite_EPKNS0_11RefReadNodeERKNS_9RelayExprE'/>
<use f='tvm/src/relay/transforms/dead_code.cc' l='266' u='r' c='_ZN3tvm5relay12_GLOBAL__N_113PurityVisitor10VisitExpr_EPKNS0_11RefReadNodeE'/>
<use f='tvm/src/relay/transforms/device_planner.cc' l='692' u='r' c='_ZN3tvm5relay9transform12_GLOBAL__N_114DeviceAnalyzer10VisitExpr_EPKNS0_11RefReadNodeE'/>
<use f='tvm/src/relay/transforms/device_planner.cc' l='693' u='r' c='_ZN3tvm5relay9transform12_GLOBAL__N_114DeviceAnalyzer10VisitExpr_EPKNS0_11RefReadNodeE'/>
<use f='tvm/src/relay/transforms/device_planner.cc' l='1163' u='r' c='_ZN3tvm5relay9transform12_GLOBAL__N_114DeviceCapturer10VisitExpr_EPKNS0_11RefReadNodeE'/>
<use f='tvm/src/relay/transforms/fuse_ops.cc' l='353' u='r' c='_ZN3tvm5relay19IndexedForwardGraph7Creator10VisitExpr_EPKNS0_11RefReadNodeE'/>
<use f='tvm/src/relay/transforms/partial_eval.cc' l='703' u='r' c='_ZN3tvm5relay12partial_eval16PartialEvaluator10VisitExpr_EPKNS0_11RefReadNodeEPNS0_7LetListE'/>
<use f='tvm/src/relay/transforms/to_a_normal_form.cc' l='284' u='r' c='_ZN3tvm5relay12_GLOBAL__N_14Fill10VisitExpr_EPKNS0_11RefReadNodeERKNS0_3VarE'/>
<use f='tvm/src/relay/transforms/to_cps.cc' l='203' u='r' c='_ZZN3tvm5relay5ToCPSERKNS0_8FunctionERKNS_8IRModuleEPSt13unordered_mapINS_9GlobalVarES8_NS_7runtime13ObjectPtrHashENS9_14ObjectPtrEqualESaISt4pairIKS815115818'/>
<use f='tvm/src/relay/transforms/type_infer.cc' l='602' u='r' c='_ZN3tvm5relay14TypeInferencer10VisitExpr_EPKNS0_11RefReadNodeE'/>
<use f='tvm/src/relay/transforms/type_infer.cc' l='892' u='r' c='_ZN3tvm5relay26SameTypedSubgraphExtractor10VisitExpr_EPKNS0_11RefReadNodeE'/>
